// Jest Snapshot v1, https://goo.gl/fbAQLP

exports[`<Icon /> should render successfully and match snapshot 1`] = `
<div>
  <img
    alt="like"
    class="Icon"
    src="./icons/like.svg"
  />
</div>
`;
